[extended_fourway] 2026-09-10T20:31:15.851790  genes=3  seed=2  family=Extended (OOD -- never trained on)  GNN=E5 bidir rounds=3  MLP=E2 ce
loaded GNN (e5) /net/projects/ranalab/rajhansini/replication_16features/incremental_experiments/results/e5_gnn_rounds3/seed_runs/seed2/gnn_q_e5.pt
loaded MLP (e5) /net/projects/ranalab/rajhansini/replication_16features/fixing_gnn_q/results/mlp_q_ce/seed_runs/seed2/mlp_q_ce.pt

==========================================================================================
Extended_LowHigh_Base_3gene
==========================================================================================
  states=9,190,992  V*(root)=-0.1712  V_stop(root)=-0.3243
  ratio2: myopic=0.0711  gnn=0.0594  mlp=0.1156
  step state                                                       DP (truth)        MYOPIC          GNN             MLP             agree
  0    root                                                        TEST Child        TEST GrandfatherTEST Mother     TEST Grandfathernone
  1    {Grandfather:(0, 0, 0)}                                     TEST Child        TEST Father     TEST GrandmotherTEST Grandmothernone
  2    {Father:(0, 0, 0), Grandfather:(0, 0, 0)}                   TEST Mother       TEST Uncle      TEST GrandmotherTEST Grandmothernone
  3    {Father:(0, 0, 0), Grandfather:(0, 0, 0), Uncle:(0, 0, 0)}  TEST Mother       TEST GrandmotherTEST Child      TEST Grandmothernone
  4    {Father:(0, 0, 0), Grandfather:(0, 0, 0), Grandmother:(0, 0, 0), Uncle:(0, 0, 0)}TEST Mother       TEST Child      TEST Mother     TEST Mother     partial
  5    {Child:(0, 0, 0), Father:(0, 0, 0), Grandfather:(0, 0, 0), Grandmother:(0, 0, 0), Uncle:(0, 0, 0)}TEST Mother       TEST Mother     TEST Mother     TEST Mother     ALL
  6    {Child:(0, 0, 0), Father:(0, 0, 0), Grandfather:(0, 0, 0), Grandmother:(0, 0, 0), Mother:(0, 0, 0), Uncle:(0, 0, 0)}STOP              STOP            STOP            STOP            ALL
  agreement vs DP: myopic=2/7=0.286  gnn=3/7=0.429  mlp=3/7=0.429  all4=2/7=0.286
  [resume] checkpointed -> /net/projects/ranalab/rajhansini/replication_16features/incremental_experiments/results/extended/3gene/seed2/partial_e5/LowHigh_Base.json

==========================================================================================
Extended_LowHigh_Aggressive_3gene
==========================================================================================
  states=9,190,992  V*(root)=-0.1787  V_stop(root)=-0.4789
  ratio2: myopic=0.0338  gnn=0.0254  mlp=0.0949
  step state                                                       DP (truth)        MYOPIC          GNN             MLP             agree
  0    root                                                        TEST Grandfather  TEST GrandfatherTEST Mother     TEST Grandfatherpartial
  1    {Grandfather:(0, 0, 0)}                                     TEST Grandmother  TEST Father     TEST GrandmotherTEST Grandmotherpartial
  2    {Father:(0, 0, 0), Grandfather:(0, 0, 0)}                   TEST Grandmother  TEST Uncle      TEST GrandmotherTEST Grandmotherpartial
  3    {Father:(0, 0, 0), Grandfather:(0, 0, 0), Uncle:(0, 0, 0)}  TEST Mother       TEST GrandmotherTEST Child      TEST Grandmothernone
  4    {Father:(0, 0, 0), Grandfather:(0, 0, 0), Grandmother:(0, 0, 0), Uncle:(0, 0, 0)}TEST Mother       TEST Child      TEST Mother     TEST Mother     partial
  5    {Child:(0, 0, 0), Father:(0, 0, 0), Grandfather:(0, 0, 0), Grandmother:(0, 0, 0), Uncle:(0, 0, 0)}TEST Mother       TEST Mother     TEST Mother     TEST Mother     ALL
  6    {Child:(0, 0, 0), Father:(0, 0, 0), Grandfather:(0, 0, 0), Grandmother:(0, 0, 0), Mother:(0, 0, 0), Uncle:(0, 0, 0)}STOP              STOP            STOP            STOP            ALL
  agreement vs DP: myopic=3/7=0.429  gnn=5/7=0.714  mlp=6/7=0.857  all4=2/7=0.286
  [resume] checkpointed -> /net/projects/ranalab/rajhansini/replication_16features/incremental_experiments/results/extended/3gene/seed2/partial_e5/LowHigh_Aggressive.json

==========================================================================================
Extended_MediumEven_Base_3gene
==========================================================================================
  states=9,190,992  V*(root)=-0.1753  V_stop(root)=-0.3467
  ratio2: myopic=0.0638  gnn=0.0545  mlp=0.1402
  step state                                                       DP (truth)        MYOPIC          GNN             MLP             agree
  0    root                                                        TEST Grandfather  TEST GrandfatherTEST Mother     TEST Grandfatherpartial
  1    {Grandfather:(0, 0, 0)}                                     TEST Grandmother  TEST Father     TEST GrandmotherTEST Grandmotherpartial
  2    {Father:(0, 0, 0), Grandfather:(0, 0, 0)}                   TEST Mother       TEST Uncle      TEST GrandmotherTEST Grandmothernone
  3    {Father:(0, 0, 0), Grandfather:(0, 0, 0), Uncle:(0, 0, 0)}  TEST Mother       TEST GrandmotherTEST Child      TEST Grandmothernone
  4    {Father:(0, 0, 0), Grandfather:(0, 0, 0), Grandmother:(0, 0, 0), Uncle:(0, 0, 0)}TEST Mother       TEST Child      TEST Mother     TEST Mother     partial
  5    {Child:(0, 0, 0), Father:(0, 0, 0), Grandfather:(0, 0, 0), Grandmother:(0, 0, 0), Uncle:(0, 0, 0)}TEST Mother       TEST Mother     TEST Mother     TEST Mother     ALL
  6    {Child:(0, 0, 0), Father:(0, 0, 0), Grandfather:(0, 0, 0), Grandmother:(0, 0, 0), Mother:(0, 0, 0), Uncle:(0, 0, 0)}STOP              STOP            STOP            STOP            ALL
  agreement vs DP: myopic=3/7=0.429  gnn=4/7=0.571  mlp=5/7=0.714  all4=2/7=0.286
  [resume] checkpointed -> /net/projects/ranalab/rajhansini/replication_16features/incremental_experiments/results/extended/3gene/seed2/partial_e5/MediumEven_Base.json

==========================================================================================
Extended_MediumEven_Aggressive_3gene
==========================================================================================
  states=9,190,992  V*(root)=-0.1858  V_stop(root)=-0.5149
  ratio2: myopic=0.0328  gnn=0.0212  mlp=0.1016
  step state                                                       DP (truth)        MYOPIC          GNN             MLP             agree
  0    root                                                        TEST Grandfather  TEST GrandfatherTEST Mother     TEST Grandfatherpartial
  1    {Grandfather:(0, 0, 0)}                                     TEST Grandmother  TEST Father     TEST GrandmotherTEST Grandmotherpartial
  2    {Father:(0, 0, 0), Grandfather:(0, 0, 0)}                   TEST Grandmother  TEST Uncle      TEST GrandmotherTEST Grandmotherpartial
  3    {Father:(0, 0, 0), Grandfather:(0, 0, 0), Uncle:(0, 0, 0)}  TEST Mother       TEST GrandmotherTEST Child      TEST Grandmothernone
  4    {Father:(0, 0, 0), Grandfather:(0, 0, 0), Grandmother:(0, 0, 0), Uncle:(0, 0, 0)}TEST Mother       TEST Child      TEST Mother     TEST Mother     partial
  5    {Child:(0, 0, 0), Father:(0, 0, 0), Grandfather:(0, 0, 0), Grandmother:(0, 0, 0), Uncle:(0, 0, 0)}TEST Mother       TEST Mother     TEST Mother     TEST Mother     ALL
  6    {Child:(0, 0, 0), Father:(0, 0, 0), Grandfather:(0, 0, 0), Grandmother:(0, 0, 0), Mother:(0, 0, 0), Uncle:(0, 0, 0)}STOP              STOP            STOP            STOP            ALL
  agreement vs DP: myopic=3/7=0.429  gnn=5/7=0.714  mlp=6/7=0.857  all4=2/7=0.286
  [resume] checkpointed -> /net/projects/ranalab/rajhansini/replication_16features/incremental_experiments/results/extended/3gene/seed2/partial_e5/MediumEven_Aggressive.json

==========================================================================================
Extended_LowLow_Base_3gene
==========================================================================================
  states=9,190,992  V*(root)=-0.0667  V_stop(root)=-0.0984
  ratio2: myopic=0.6292  gnn=0.1611  mlp=0.6086
  step state                                                       DP (truth)        MYOPIC          GNN             MLP             agree
  0    root                                                        TEST Uncle        TEST GrandfatherTEST Father     TEST Grandfathernone
  1    {Grandfather:(0, 0, 0)}                                     TEST Grandmother  TEST Father     TEST GrandmotherTEST Grandmotherpartial
  2    {Father:(0, 0, 0), Grandfather:(0, 0, 0)}                   TEST Mother       TEST Uncle      TEST GrandmotherTEST Grandmothernone
  3    {Father:(0, 0, 0), Grandfather:(0, 0, 0), Uncle:(0, 0, 0)}  TEST Mother       TEST GrandmotherTEST Child      TEST Grandmothernone
  4    {Father:(0, 0, 0), Grandfather:(0, 0, 0), Grandmother:(0, 0, 0), Uncle:(0, 0, 0)}TEST Mother       TEST Child      TEST Mother     TEST Mother     partial
  5    {Child:(0, 0, 0), Father:(0, 0, 0), Grandfather:(0, 0, 0), Grandmother:(0, 0, 0), Uncle:(0, 0, 0)}STOP              STOP            STOP            STOP            ALL
  agreement vs DP: myopic=1/6=0.167  gnn=3/6=0.500  mlp=3/6=0.500  all4=1/6=0.167
  [resume] checkpointed -> /net/projects/ranalab/rajhansini/replication_16features/incremental_experiments/results/extended/3gene/seed2/partial_e5/LowLow_Base.json

==========================================================================================
Extended_LowLow_Aggressive_3gene
==========================================================================================
  states=9,190,992  V*(root)=-0.0725  V_stop(root)=-0.1473
  ratio2: myopic=0.2500  gnn=0.0873  mlp=0.2886
  step state                                                       DP (truth)        MYOPIC          GNN             MLP             agree
  0    root                                                        TEST Grandfather  TEST GrandfatherTEST Father     TEST Grandfatherpartial
  1    {Grandfather:(0, 0, 0)}                                     TEST Grandmother  TEST Father     TEST GrandmotherTEST Grandmotherpartial
  2    {Father:(0, 0, 0), Grandfather:(0, 0, 0)}                   TEST Mother       TEST Uncle      TEST GrandmotherTEST Grandmothernone
  3    {Father:(0, 0, 0), Grandfather:(0, 0, 0), Uncle:(0, 0, 0)}  TEST Mother       TEST GrandmotherTEST Child      TEST Grandmothernone
  4    {Father:(0, 0, 0), Grandfather:(0, 0, 0), Grandmother:(0, 0, 0), Uncle:(0, 0, 0)}TEST Mother       TEST Child      TEST Mother     TEST Mother     partial
  5    {Child:(0, 0, 0), Father:(0, 0, 0), Grandfather:(0, 0, 0), Grandmother:(0, 0, 0), Uncle:(0, 0, 0)}STOP              STOP            STOP            STOP            ALL
  agreement vs DP: myopic=2/6=0.333  gnn=3/6=0.500  mlp=4/6=0.667  all4=1/6=0.167
  [resume] checkpointed -> /net/projects/ranalab/rajhansini/replication_16features/incremental_experiments/results/extended/3gene/seed2/partial_e5/LowLow_Aggressive.json

==========================================================================================
Extended_HighHigh_Base_3gene
==========================================================================================
  states=9,190,992  V*(root)=-0.2898  V_stop(root)=-0.5837
  ratio2: myopic=0.0344  gnn=0.0287  mlp=0.0876
  step state                                                       DP (truth)        MYOPIC          GNN             MLP             agree
  0    root                                                        TEST Uncle        TEST GrandfatherTEST Mother     TEST Grandfathernone
  1    {Grandfather:(0, 0, 0)}                                     TEST Child        TEST Father     TEST Mother     TEST Grandmothernone
  2    {Father:(0, 0, 0), Grandfather:(0, 0, 0)}                   TEST Grandmother  TEST Uncle      TEST GrandmotherTEST Grandmotherpartial
  3    {Father:(0, 0, 0), Grandfather:(0, 0, 0), Uncle:(0, 0, 0)}  TEST Grandmother  TEST GrandmotherTEST Child      TEST Mother     partial
  4    {Father:(0, 0, 0), Grandfather:(0, 0, 0), Grandmother:(0, 0, 0), Uncle:(0, 0, 0)}TEST Child        TEST Child      TEST Mother     TEST Mother     partial
  5    {Child:(0, 0, 0), Father:(0, 0, 0), Grandfather:(0, 0, 0), Grandmother:(0, 0, 0), Uncle:(0, 0, 0)}TEST Mother       TEST Mother     STOP            TEST Mother     partial
  6    {Child:(0, 0, 0), Father:(0, 0, 0), Grandfather:(0, 0, 0), Grandmother:(0, 0, 0), Mother:(0, 0, 0), Uncle:(0, 0, 0)}STOP              STOP            STOP            STOP            ALL
  agreement vs DP: myopic=4/7=0.571  gnn=2/7=0.286  mlp=3/7=0.429  all4=1/7=0.143
  [resume] checkpointed -> /net/projects/ranalab/rajhansini/replication_16features/incremental_experiments/results/extended/3gene/seed2/partial_e5/HighHigh_Base.json

==========================================================================================
Extended_HighHigh_Aggressive_3gene
==========================================================================================
[extended_fourway] 2026-09-11T00:28:18.687241  genes=3  seed=2  family=Extended (OOD -- never trained on)  GNN=E5 bidir rounds=3  MLP=E2 ce
[resume] 7/12 configs already solved in an earlier slot of this job: HighHigh_Base, LowHigh_Aggressive, LowHigh_Base, LowLow_Aggressive, LowLow_Base, MediumEven_Aggressive, MediumEven_Base
loaded GNN (e5) /net/projects/ranalab/rajhansini/replication_16features/incremental_experiments/results/e5_gnn_rounds3/seed_runs/seed2/gnn_q_e5.pt
loaded MLP (e5) /net/projects/ranalab/rajhansini/replication_16features/fixing_gnn_q/results/mlp_q_ce/seed_runs/seed2/mlp_q_ce.pt

==========================================================================================
Extended_LowHigh_Base_3gene
==========================================================================================
  already solved in an earlier slot of this job -- skipping (resume)

==========================================================================================
Extended_LowHigh_Aggressive_3gene
==========================================================================================
  already solved in an earlier slot of this job -- skipping (resume)

==========================================================================================
Extended_MediumEven_Base_3gene
==========================================================================================
  already solved in an earlier slot of this job -- skipping (resume)

==========================================================================================
Extended_MediumEven_Aggressive_3gene
==========================================================================================
  already solved in an earlier slot of this job -- skipping (resume)

==========================================================================================
Extended_LowLow_Base_3gene
==========================================================================================
  already solved in an earlier slot of this job -- skipping (resume)

==========================================================================================
Extended_LowLow_Aggressive_3gene
==========================================================================================
  already solved in an earlier slot of this job -- skipping (resume)

==========================================================================================
Extended_HighHigh_Base_3gene
==========================================================================================
  already solved in an earlier slot of this job -- skipping (resume)

==========================================================================================
Extended_HighHigh_Aggressive_3gene
==========================================================================================
  states=9,190,992  V*(root)=-0.3122  V_stop(root)=-0.8566
  ratio2: myopic=0.0133  gnn=0.0118  mlp=0.0563
  step state                                                       DP (truth)        MYOPIC          GNN             MLP             agree
  0    root                                                        TEST Grandfather  TEST GrandfatherTEST GrandfatherTEST GrandfatherALL
  1    {Grandfather:(0, 0, 0)}                                     TEST Mother       TEST Father     TEST GrandmotherTEST Grandmothernone
  2    {Father:(0, 0, 0), Grandfather:(0, 0, 0)}                   TEST Grandmother  TEST Uncle      TEST GrandmotherTEST Mother     partial
  3    {Father:(0, 0, 0), Grandfather:(0, 0, 0), Uncle:(0, 0, 0)}  TEST Mother       TEST GrandmotherTEST Mother     TEST Mother     partial
  4    {Father:(0, 0, 0), Grandfather:(0, 0, 0), Grandmother:(0, 0, 0), Uncle:(0, 0, 0)}TEST Mother       TEST Child      TEST Mother     TEST Mother     partial
  5    {Child:(0, 0, 0), Father:(0, 0, 0), Grandfather:(0, 0, 0), Grandmother:(0, 0, 0), Uncle:(0, 0, 0)}TEST Mother       TEST Mother     TEST Mother     TEST Mother     ALL
  6    {Child:(0, 0, 0), Father:(0, 0, 0), Grandfather:(0, 0, 0), Grandmother:(0, 0, 0), Mother:(0, 0, 0), Uncle:(0, 0, 0)}STOP              STOP            STOP            STOP            ALL
  agreement vs DP: myopic=3/7=0.429  gnn=6/7=0.857  mlp=5/7=0.714  all4=3/7=0.429
  [resume] checkpointed -> /net/projects/ranalab/rajhansini/replication_16features/incremental_experiments/results/extended/3gene/seed2/partial_e5/HighHigh_Aggressive.json

==========================================================================================
Extended_MixedA_Base_3gene
==========================================================================================
  states=9,190,992  V*(root)=-0.1668  V_stop(root)=-0.3160
  ratio2: myopic=0.0684  gnn=0.0415  mlp=0.1166
  step state                                                       DP (truth)        MYOPIC          GNN             MLP             agree
  0    root                                                        TEST Child        TEST GrandfatherTEST Mother     TEST Grandfathernone
  1    {Grandfather:(0, 0, 0)}                                     TEST Child        TEST Father     TEST GrandmotherTEST Grandmothernone
  2    {Father:(0, 0, 0), Grandfather:(0, 0, 0)}                   TEST Grandmother  TEST Uncle      TEST GrandmotherTEST Grandmotherpartial
  3    {Father:(0, 0, 0), Grandfather:(0, 0, 0), Uncle:(0, 0, 0)}  TEST Mother       TEST GrandmotherTEST Child      TEST Grandmothernone
  4    {Father:(0, 0, 0), Grandfather:(0, 0, 0), Grandmother:(0, 0, 0), Uncle:(0, 0, 0)}TEST Mother       TEST Child      TEST Mother     TEST Mother     partial
  5    {Child:(0, 0, 0), Father:(0, 0, 0), Grandfather:(0, 0, 0), Grandmother:(0, 0, 0), Uncle:(0, 0, 0)}TEST Mother       TEST Mother     TEST Mother     TEST Mother     ALL
  6    {Child:(0, 0, 0), Father:(0, 0, 0), Grandfather:(0, 0, 0), Grandmother:(0, 0, 0), Mother:(0, 0, 0), Uncle:(0, 0, 0)}STOP              STOP            STOP            STOP            ALL
  agreement vs DP: myopic=2/7=0.286  gnn=4/7=0.571  mlp=4/7=0.571  all4=2/7=0.286
  [resume] checkpointed -> /net/projects/ranalab/rajhansini/replication_16features/incremental_experiments/results/extended/3gene/seed2/partial_e5/MixedA_Base.json

==========================================================================================
Extended_MixedA_Aggressive_3gene
==========================================================================================
  states=9,190,992  V*(root)=-0.1763  V_stop(root)=-0.4684
  ratio2: myopic=0.0339  gnn=0.0235  mlp=0.0947
  step state                                                       DP (truth)        MYOPIC          GNN             MLP             agree
  0    root                                                        TEST Grandfather  TEST GrandfatherTEST Mother     TEST Grandfatherpartial
  1    {Grandfather:(0, 0, 0)}                                     TEST Grandmother  TEST Father     TEST GrandmotherTEST Grandmotherpartial
  2    {Father:(0, 0, 0), Grandfather:(0, 0, 0)}                   TEST Grandmother  TEST Uncle      TEST GrandmotherTEST Grandmotherpartial
  3    {Father:(0, 0, 0), Grandfather:(0, 0, 0), Uncle:(0, 0, 0)}  TEST Grandmother  TEST GrandmotherTEST Child      TEST Grandmotherpartial
  4    {Father:(0, 0, 0), Grandfather:(0, 0, 0), Grandmother:(0, 0, 0), Uncle:(0, 0, 0)}TEST Mother       TEST Child      TEST Mother     TEST Mother     partial
  5    {Child:(0, 0, 0), Father:(0, 0, 0), Grandfather:(0, 0, 0), Grandmother:(0, 0, 0), Uncle:(0, 0, 0)}TEST Mother       TEST Mother     TEST Mother     TEST Mother     ALL
  6    {Child:(0, 0, 0), Father:(0, 0, 0), Grandfather:(0, 0, 0), Grandmother:(0, 0, 0), Mother:(0, 0, 0), Uncle:(0, 0, 0)}STOP              STOP            STOP            STOP            ALL
  agreement vs DP: myopic=4/7=0.571  gnn=5/7=0.714  mlp=7/7=1.000  all4=2/7=0.286
  [resume] checkpointed -> /net/projects/ranalab/rajhansini/replication_16features/incremental_experiments/results/extended/3gene/seed2/partial_e5/MixedA_Aggressive.json

==========================================================================================
Extended_MixedB_Base_3gene
==========================================================================================
  states=9,190,992  V*(root)=-0.1483  V_stop(root)=-0.2734
  ratio2: myopic=0.0970  gnn=0.0756  mlp=0.1823
  step state                                                       DP (truth)        MYOPIC          GNN             MLP             agree
  0    root                                                        TEST Grandfather  TEST GrandfatherTEST Mother     TEST Grandfatherpartial
  1    {Grandfather:(0, 0, 0)}                                     TEST Grandmother  TEST Father     TEST GrandmotherTEST Grandmotherpartial
  2    {Father:(0, 0, 0), Grandfather:(0, 0, 0)}                   TEST Mother       TEST Uncle      TEST GrandmotherTEST Grandmothernone
  3    {Father:(0, 0, 0), Grandfather:(0, 0, 0), Uncle:(0, 0, 0)}  TEST Mother       TEST GrandmotherTEST Child      TEST Grandmothernone
  4    {Father:(0, 0, 0), Grandfather:(0, 0, 0), Grandmother:(0, 0, 0), Uncle:(0, 0, 0)}TEST Mother       TEST Child      TEST Mother     TEST Mother     partial
  5    {Child:(0, 0, 0), Father:(0, 0, 0), Grandfather:(0, 0, 0), Grandmother:(0, 0, 0), Uncle:(0, 0, 0)}STOP              STOP            TEST Mother     TEST Mother     partial
  agreement vs DP: myopic=2/6=0.333  gnn=2/6=0.333  mlp=3/6=0.500  all4=0/6=0.000
  [resume] checkpointed -> /net/projects/ranalab/rajhansini/replication_16features/incremental_experiments/results/extended/3gene/seed2/partial_e5/MixedB_Base.json

==========================================================================================
Extended_MixedB_Aggressive_3gene
==========================================================================================
  states=9,190,992  V*(root)=-0.1539  V_stop(root)=-0.4049
  ratio2: myopic=0.0477  gnn=0.0315  mlp=0.1232
  step state                                                       DP (truth)        MYOPIC          GNN             MLP             agree
  0    root                                                        TEST Grandfather  TEST GrandfatherTEST Mother     TEST Grandfatherpartial
  1    {Grandfather:(0, 0, 0)}                                     TEST Grandmother  TEST Father     TEST GrandmotherTEST Grandmotherpartial
  2    {Father:(0, 0, 0), Grandfather:(0, 0, 0)}                   TEST Mother       TEST Uncle      TEST GrandmotherTEST Grandmothernone
  3    {Father:(0, 0, 0), Grandfather:(0, 0, 0), Uncle:(0, 0, 0)}  TEST Mother       TEST GrandmotherTEST Child      TEST Grandmothernone
  4    {Father:(0, 0, 0), Grandfather:(0, 0, 0), Grandmother:(0, 0, 0), Uncle:(0, 0, 0)}TEST Mother       TEST Child      TEST Mother     TEST Mother     partial
  5    {Child:(0, 0, 0), Father:(0, 0, 0), Grandfather:(0, 0, 0), Grandmother:(0, 0, 0), Uncle:(0, 0, 0)}TEST Mother       TEST Mother     TEST Mother     TEST Mother     ALL
  6    {Child:(0, 0, 0), Father:(0, 0, 0), Grandfather:(0, 0, 0), Grandmother:(0, 0, 0), Mother:(0, 0, 0), Uncle:(0, 0, 0)}STOP              STOP            STOP            STOP            ALL
  agreement vs DP: myopic=3/7=0.429  gnn=4/7=0.571  mlp=5/7=0.714  all4=2/7=0.286
  [resume] checkpointed -> /net/projects/ranalab/rajhansini/replication_16features/incremental_experiments/results/extended/3gene/seed2/partial_e5/MixedB_Aggressive.json

==========================================================================================
OVERALL (whole trajectory)
  vs DP: myopic=32/81=0.395  gnn=46/81=0.568  mlp=54/81=0.667  all4=20/81=0.247
OVERALL (root / first action only)
  vs DP: myopic=8/12  gnn=1/12  mlp=8/12
OVERALL avg ratio2: myopic=0.1146  gnn=0.0518  mlp=0.1675
saved -> /net/projects/ranalab/rajhansini/replication_16features/incremental_experiments/results/extended/3gene/seed2/extended_fourway_e5.json
saved -> /net/projects/ranalab/rajhansini/replication_16features/incremental_experiments/results/extended/3gene/seed2/extended_fourway_e5.log
