
Gurobi 12.0.3 (linux64) logging started Thu Sep 10 15:14:14 2026

Set parameter LogFile to value "incremental_experiments/results/lp_crosscheck/row0045_gurobi.log"
Gurobi Optimizer version 12.0.3 build v12.0.3rc0 (linux64 - "Ubuntu 22.04.5 LTS")

CPU model: AMD EPYC 9754 128-Core Processor, instruction set [SSE2|AVX|AVX2|AVX512]
Thread count: 256 physical cores, 512 logical processors, using up to 32 threads

Non-default parameters:
Method  2
BarHomogeneous  1
Crossover  0
DualReductions  0
NumericFocus  2

Academic license 2839186 - for non-commercial use only - registered to ra___@uchicago.edu
Optimize a model with 40720 rows, 1184 columns and 161616 nonzeros
Model fingerprint: 0x808f28fe
Coefficient statistics:
  Matrix range     [1e-04, 1e+00]
  Objective range  [1e+00, 1e+00]
  Bounds range     [0e+00, 0e+00]
  RHS range        [5e-03, 3e-01]
Presolve removed 33 rows and 1 columns
Presolve time: 0.11s
Presolved: 1151 rows, 40719 columns, 159190 nonzeros
Ordering time: 0.04s

Barrier statistics:
 AA' NZ     : 1.041e+05
 Factor NZ  : 3.175e+05 (roughly 20 MB of memory)
 Factor Ops : 1.081e+08 (less than 1 second per iteration)
 Threads    : 32

                  Objective                Residual
Iter       Primal          Dual         Primal    Dual     Compl     Time
   0  -3.57259455e+05 -1.43233100e-02  5.29e+04 0.00e+00  1.00e+06     0s
   1  -2.77078956e+05  1.00945496e+02  4.18e+04 5.31e+02  7.76e+05     0s
   2  -1.89781051e+05  2.34386087e+02  2.90e+04 2.03e+02  5.17e+05     1s
   3  -1.01842939e+05  3.55594404e+02  1.58e+04 4.65e+01  2.89e+05     1s
   4  -6.35532232e+04  3.98764027e+02  9.85e+03 1.57e+01  1.82e+05     1s
   5  -1.70540127e+04  4.12680538e+02  2.65e+03 1.97e+00  4.86e+04     1s
   6  -2.57728192e+03  3.88219527e+02  4.00e+02 0.00e+00  6.87e+03     2s
   7  -6.62118540e+02  2.82806861e+02  1.03e+02 0.00e+00  1.29e+03     2s
   8  -8.21188668e+01  4.71150188e+01  1.28e+01 0.00e+00  2.70e+01     2s
   9  -2.84462751e+00  2.86284640e+00  4.29e-01 0.00e+00  6.85e-02     2s
  10  -1.22742224e+00  1.62968066e+00  1.77e-01 0.00e+00  1.97e-02     3s
  11  -4.34694197e-01  5.59558998e-01  5.36e-02 0.00e+00  3.30e-03     3s
  12  -1.88442777e-01  2.08633479e-01  1.57e-02 0.00e+00  6.44e-04     3s
  13  -1.12159162e-01  2.79235374e-02  4.17e-03 0.00e+00  1.18e-04     3s
  14  -8.55513836e-02 -5.29204577e-02  6.23e-04 0.00e+00  1.41e-05     4s
  15  -8.12109409e-02 -6.45948485e-02  2.13e-04 0.00e+00  5.28e-06     4s
  16  -7.94072107e-02 -7.00518455e-02  8.77e-05 0.00e+00  2.50e-06     4s
  17  -7.84454227e-02 -7.30185685e-02  4.05e-05 0.00e+00  1.31e-06     4s
  18  -7.78082821e-02 -7.41309510e-02  2.06e-05 0.00e+00  8.30e-07     5s
  19  -7.73648443e-02 -7.50349849e-02  9.85e-06 0.00e+00  5.01e-07     5s
  20  -7.70671881e-02 -7.57271530e-02  5.10e-06 0.00e+00  2.81e-07     5s
  21  -7.67595569e-02 -7.61059106e-02  1.69e-06 0.00e+00  1.33e-07     6s
  22  -7.65932196e-02 -7.63053034e-02  5.12e-07 0.00e+00  5.76e-08     6s
  23  -7.65383901e-02 -7.63608726e-02  2.35e-07 0.00e+00  3.53e-08     6s
  24  -7.65135410e-02 -7.64128566e-02  1.25e-07 0.00e+00  2.00e-08     7s
  25  -7.64882006e-02 -7.64352873e-02  4.53e-08 0.00e+00  1.05e-08     7s
  26  -7.64797475e-02 -7.64439564e-02  2.49e-08 0.00e+00  7.06e-09     8s
  27  -7.64729741e-02 -7.64546358e-02  1.21e-08 0.00e+00  3.61e-09     8s
  28  -7.64684401e-02 -7.64593818e-02  5.04e-09 0.00e+00  1.78e-09     9s
  29  -7.64683940e-02 -7.64614889e-02  4.98e-09 0.00e+00  1.36e-09    10s
  30  -7.64683418e-02 -7.64625058e-02  4.91e-09 0.00e+00  1.15e-09    10s
  31  -7.64682960e-02 -7.64629994e-02  4.85e-09 0.00e+00  1.04e-09    10s
  32  -7.64682513e-02 -7.64633030e-02  4.80e-09 0.00e+00  9.72e-10    11s
  33  -7.64682006e-02 -7.64635571e-02  4.73e-09 0.00e+00  9.11e-10    11s
  34  -7.64681707e-02 -7.64637348e-02  4.69e-09 0.00e+00  8.70e-10    12s
  35  -7.64681277e-02 -7.64638318e-02  4.64e-09 0.00e+00  8.43e-10    12s
  36  -7.64681024e-02 -7.64639396e-02  4.60e-09 0.00e+00  8.16e-10    13s
  37  -7.64680584e-02 -7.64640125e-02  4.55e-09 0.00e+00  7.93e-10    13s
  38  -7.64680316e-02 -7.64640586e-02  4.51e-09 0.00e+00  7.79e-10    14s
  39  -7.64679812e-02 -7.64640973e-02  4.45e-09 0.00e+00  7.61e-10    14s
  40  -7.64679417e-02 -7.64641245e-02  4.40e-09 0.00e+00  7.48e-10    14s
  41  -7.64678874e-02 -7.64641525e-02  4.33e-09 0.00e+00  7.32e-10    15s
  42  -7.64678798e-02 -7.64641693e-02  4.32e-09 0.00e+00  7.27e-10    15s
  43  -7.64678740e-02 -7.64641707e-02  4.31e-09 0.00e+00  7.26e-10    16s
  44  -7.64678556e-02 -7.64642021e-02  4.29e-09 5.47e-15  7.16e-10    16s
  45  -7.64678407e-02 -7.64642233e-02  4.27e-09 6.22e-15  7.09e-10    17s
  46  -7.64678368e-02 -7.64642269e-02  4.27e-09 4.48e-15  7.07e-10    18s
  47  -7.64678357e-02 -7.64642332e-02  4.27e-09 5.07e-15  7.06e-10    18s
  48  -3.57259323e+06 -1.43233100e-02  5.29e+05 0.00e+00  1.00e+08    19s
  49  -2.71946145e+06  1.22326741e+03  4.09e+05 5.16e+03  7.54e+07    19s
  50  -1.81157893e+06  2.67049026e+03  2.77e+05 1.70e+03  4.68e+07    19s
  51  -8.34146041e+05  3.64098935e+03  1.29e+05 4.37e+02  2.19e+07    19s
  52  -4.71839307e+05  3.86159674e+03  7.29e+04 1.30e+02  1.21e+07    19s
  53  -1.52096441e+05  3.94800946e+03  2.36e+04 1.13e+01  3.87e+06    20s
  54  -2.11932619e+04  3.87846097e+03  3.28e+03 5.99e-11  5.27e+05    20s
  55  -4.06074228e+03  3.33361660e+03  6.29e+02 5.43e-11  8.68e+04    20s
  56  -1.29221571e+03  2.14014358e+03  2.00e+02 3.66e-11  1.77e+04    20s
  57  -7.93272681e+02  1.44002784e+03  1.23e+02 3.39e-11  7.33e+03    20s
  58  -6.63384362e+01  1.31087878e+02  1.03e+01 2.94e-12  5.71e+01    21s
  59  -1.22138638e+00  1.30744361e+01  1.75e-01 6.27e-13  1.20e-01    21s
  60  -6.97147312e-01  8.33835763e+00  9.35e-02 3.44e-13  5.10e-02    21s
  61  -2.14092862e-01  2.49873979e+00  1.88e-02 1.02e-13  5.60e-03    21s
  62  -1.16547092e-01  7.60193923e-01  3.93e-03 6.82e-14  7.88e-04    22s
  63  -9.59174836e-02  2.31061989e-01  1.00e-03 4.12e-14  1.74e-04    22s
  64  -8.84659381e-02  2.74221278e-02  2.48e-04 6.92e-14  4.26e-05    22s
  65  -8.36850208e-02 -4.04253037e-02  5.86e-05 3.60e-14  1.19e-05    22s
  66  -8.15241994e-02 -5.59865803e-02  2.42e-05 3.82e-14  6.16e-06    22s
  67  -7.99671240e-02 -6.47737016e-02  1.07e-05 4.12e-14  3.40e-06    23s
  68  -7.88913851e-02 -6.96814607e-02  4.74e-06 3.99e-14  1.96e-06    23s
  69  -7.80473602e-02 -7.27864982e-02  2.06e-06 5.50e-14  1.09e-06    23s
  70  -7.75250063e-02 -7.43090057e-02  9.21e-07 4.99e-14  6.53e-07    24s
  71  -7.71202995e-02 -7.54867897e-02  3.59e-07 3.89e-14  3.28e-07    24s
  72  -7.68295910e-02 -7.59860793e-02  1.38e-07 6.52e-14  1.68e-07    25s
  73  -7.66304052e-02 -7.62449331e-02  4.54e-08 2.50e-14  7.63e-08    26s
  74  -7.65588719e-02 -7.63400474e-02  1.79e-08 3.13e-14  4.32e-08    26s
  75  -7.65289237e-02 -7.63778631e-02  9.77e-09 2.93e-14  2.98e-08    27s
  76  -7.64992434e-02 -7.64272617e-02  4.09e-09 1.31e-14  1.42e-08    28s
  77  -7.64990280e-02 -7.64452651e-02  4.07e-09 1.40e-14  1.06e-08    28s
  78  -7.64988346e-02 -7.64506605e-02  4.04e-09 9.45e-15  9.49e-09    28s
  79  -7.64987292e-02 -7.64515681e-02  4.02e-09 6.21e-15  9.29e-09    29s
  80  -7.64986456e-02 -7.64537372e-02  4.01e-09 6.89e-15  8.84e-09    29s
  81  -7.64986143e-02 -7.64557713e-02  4.01e-09 8.03e-15  8.44e-09    30s
  82  -7.64985231e-02 -7.64572458e-02  4.00e-09 1.31e-14  8.13e-09    30s
  83  -7.64984959e-02 -7.64581312e-02  3.99e-09 1.77e-14  7.95e-09    31s
  84  -7.64983845e-02 -7.64591408e-02  3.98e-09 2.15e-14  7.72e-09    31s
  85  -7.64982986e-02 -7.64599246e-02  3.97e-09 2.74e-14  7.55e-09    32s
  86  -7.64982137e-02 -7.64602149e-02  3.96e-09 2.90e-14  7.48e-09    32s
  87  -7.64981438e-02 -7.64607746e-02  3.95e-09 2.46e-14  7.35e-09    33s
  88  -7.64980312e-02 -7.64611511e-02  3.93e-09 1.93e-14  7.26e-09    33s
  89  -7.64979365e-02 -7.64616229e-02  3.92e-09 2.87e-14  7.14e-09    34s
  90  -7.64978918e-02 -7.64618484e-02  3.92e-09 2.86e-14  7.09e-09    34s
  91  -7.64978357e-02 -7.64620440e-02  3.91e-09 2.95e-14  7.04e-09    35s
  92  -7.64977824e-02 -7.64622511e-02  3.90e-09 2.69e-14  6.99e-09    35s
  93  -7.64977205e-02 -7.64624870e-02  3.90e-09 3.80e-14  6.93e-09    35s
  94  -7.64977023e-02 -7.64625326e-02  3.89e-09 2.92e-14  6.92e-09    36s
  95  -7.64975843e-02 -7.64625934e-02  3.88e-09 3.03e-14  6.88e-09    36s
  96  -7.64974895e-02 -7.64629302e-02  3.87e-09 3.45e-14  6.80e-09    37s
  97  -7.64974257e-02 -7.64632118e-02  3.86e-09 3.23e-14  6.73e-09    38s
  98  -7.64973623e-02 -7.64632947e-02  3.85e-09 3.24e-14  6.70e-09    38s
  99  -7.64973059e-02 -7.64633627e-02  3.85e-09 4.75e-14  6.67e-09    39s
 100  -7.64972742e-02 -7.64634206e-02  3.84e-09 2.78e-14  6.66e-09    39s
 101  -7.64972349e-02 -7.64634661e-02  3.84e-09 3.33e-14  6.64e-09    40s
 102  -7.64971700e-02 -7.64634871e-02  3.83e-09 3.20e-14  6.62e-09    40s
 103  -7.64971274e-02 -7.64635118e-02  3.82e-09 3.20e-14  6.61e-09    41s
 104  -7.64970782e-02 -7.64635438e-02  3.82e-09 2.81e-14  6.59e-09    41s
 105  -7.64970628e-02 -7.64635663e-02  3.82e-09 3.37e-14  6.58e-09    42s
 106  -7.64970383e-02 -7.64635994e-02  3.81e-09 2.43e-14  6.57e-09    42s
 107  -7.64969441e-02 -7.64635806e-02  3.80e-09 3.21e-14  6.56e-09    43s
 108  -7.64969194e-02 -7.64630607e-02  3.80e-09 3.30e-14  6.66e-09    43s
 109  -7.64968730e-02 -7.64630722e-02  3.79e-09 2.50e-14  6.64e-09    44s
 110  -7.64968702e-02 -7.64632317e-02  3.79e-09 4.49e-14  6.61e-09    44s
 111  -7.64968609e-02 -7.64621562e-02  3.79e-09 2.99e-14  6.83e-09    45s
 112  -7.64968584e-02 -7.64623959e-02  3.79e-09 2.61e-14  6.79e-09    46s
 113  -7.64968565e-02 -7.64621775e-02  3.79e-09 3.38e-14  6.83e-09    46s
 114  -7.64968408e-02 -7.64620624e-02  3.79e-09 3.91e-14  6.86e-09    48s
 115  -7.64968403e-02 -7.64626403e-02  3.79e-09 4.41e-14  6.74e-09    51s
 116  -7.64968368e-02 -7.64629792e-02  3.79e-09 2.96e-14  6.68e-09    52s
 117  -7.64968292e-02 -7.64630302e-02  3.79e-09 2.34e-14  6.66e-09    54s
 118  -7.64968283e-02 -7.64631138e-02  3.79e-09 3.55e-14  6.65e-09    54s
 119  -7.64968256e-02 -7.64627736e-02  3.79e-09 3.29e-13  6.72e-09    55s
 120  -7.64968251e-02 -7.64630258e-02  3.79e-09 2.66e-13  6.67e-09    57s
 121  -7.64968240e-02 -7.64627519e-02  3.79e-09 2.45e-13  6.72e-09    57s

Barrier solved model in 121 iterations and 57.22 seconds (5.81 work units)
Optimal objective -7.64968609e-02

