[extended_fourway] 2026-09-10T18:04:29.993940  genes=2  seed=2  family=Extended (OOD -- never trained on)  GNN=E5 bidir rounds=3  MLP=E2 ce
loaded GNN (e5) /net/projects/ranalab/rajhansini/replication_16features/incremental_experiments/results/e5_gnn_rounds3_2gene/seed_runs/seed2/gnn_q_e5_2gene.pt
loaded MLP (e5) /net/projects/ranalab/rajhansini/replication_16features/fixing_gnn_q/results/mlp_q_ce_2gene/seed_runs/seed2/mlp_q_ce_2gene.pt

==========================================================================================
Extended_LowHigh_Base_2gene
==========================================================================================
  states=107,728  V*(root)=-0.1306  V_stop(root)=-0.2164
  ratio2: myopic=0.1429  gnn=0.0923  mlp=0.1364
  step state                                                       DP (truth)        MYOPIC          GNN             MLP             agree
  0    root                                                        TEST Child        TEST GrandfatherTEST Child      TEST Father     partial
  1    {Grandfather:(0, 0)}                                        TEST Grandmother  TEST Father     TEST GrandmotherTEST Grandmotherpartial
  2    {Father:(0, 0), Grandfather:(0, 0)}                         TEST Grandmother  TEST Uncle      TEST GrandmotherTEST Grandmotherpartial
  3    {Father:(0, 0), Grandfather:(0, 0), Uncle:(0, 0)}           TEST Mother       TEST GrandmotherTEST Mother     TEST Mother     partial
  4    {Father:(0, 0), Grandfather:(0, 0), Grandmother:(0, 0), Uncle:(0, 0)}TEST Mother       TEST Child      TEST Mother     TEST Mother     partial
  5    {Child:(0, 0), Father:(0, 0), Grandfather:(0, 0), Grandmother:(0, 0), Uncle:(0, 0)}STOP              STOP            STOP            TEST Mother     partial
  agreement vs DP: myopic=1/6=0.167  gnn=6/6=1.000  mlp=4/6=0.667  all4=0/6=0.000
  [resume] checkpointed -> /net/projects/ranalab/rajhansini/replication_16features/incremental_experiments/results/extended/2gene/seed2/partial_e5/LowHigh_Base.json

==========================================================================================
Extended_LowHigh_Aggressive_2gene
==========================================================================================
  states=107,728  V*(root)=-0.1337  V_stop(root)=-0.3182
  ratio2: myopic=0.0647  gnn=0.0331  mlp=0.0935
  step state                                                       DP (truth)        MYOPIC          GNN             MLP             agree
  0    root                                                        TEST Grandfather  TEST GrandfatherTEST GrandfatherTEST Father     partial
  1    {Grandfather:(0, 0)}                                        TEST Grandmother  TEST Father     TEST GrandmotherTEST Grandmotherpartial
  2    {Father:(0, 0), Grandfather:(0, 0)}                         TEST Mother       TEST Uncle      TEST GrandmotherTEST Grandmothernone
  3    {Father:(0, 0), Grandfather:(0, 0), Uncle:(0, 0)}           TEST Mother       TEST GrandmotherTEST Mother     TEST Mother     partial
  4    {Father:(0, 0), Grandfather:(0, 0), Grandmother:(0, 0), Uncle:(0, 0)}TEST Mother       TEST Child      TEST Mother     TEST Mother     partial
  5    {Child:(0, 0), Father:(0, 0), Grandfather:(0, 0), Grandmother:(0, 0), Uncle:(0, 0)}TEST Mother       TEST Mother     TEST Mother     TEST Mother     ALL
  6    {Child:(0, 0), Father:(0, 0), Grandfather:(0, 0), Grandmother:(0, 0), Mother:(0, 0), Uncle:(0, 0)}STOP              STOP            STOP            STOP            ALL
  agreement vs DP: myopic=3/7=0.429  gnn=6/7=0.857  mlp=5/7=0.714  all4=2/7=0.286
  [resume] checkpointed -> /net/projects/ranalab/rajhansini/replication_16features/incremental_experiments/results/extended/2gene/seed2/partial_e5/LowHigh_Aggressive.json

==========================================================================================
Extended_MediumEven_Base_2gene
==========================================================================================
  states=107,728  V*(root)=-0.1421  V_stop(root)=-0.2563
  ratio2: myopic=0.1145  gnn=0.0803  mlp=0.1172
  step state                                                       DP (truth)        MYOPIC          GNN             MLP             agree
  0    root                                                        TEST Grandfather  TEST GrandfatherTEST Mother     TEST Father     partial
  1    {Grandfather:(0, 0)}                                        TEST Grandmother  TEST Father     TEST GrandmotherTEST Grandmotherpartial
  2    {Father:(0, 0), Grandfather:(0, 0)}                         TEST Grandmother  TEST Uncle      TEST GrandmotherTEST Mother     partial
  3    {Father:(0, 0), Grandfather:(0, 0), Uncle:(0, 0)}           TEST Mother       TEST GrandmotherTEST Mother     TEST Mother     partial
  4    {Father:(0, 0), Grandfather:(0, 0), Grandmother:(0, 0), Uncle:(0, 0)}TEST Mother       TEST Child      TEST Mother     TEST Mother     partial
  5    {Child:(0, 0), Father:(0, 0), Grandfather:(0, 0), Grandmother:(0, 0), Uncle:(0, 0)}STOP              STOP            STOP            TEST Mother     partial
  agreement vs DP: myopic=2/6=0.333  gnn=5/6=0.833  mlp=3/6=0.500  all4=0/6=0.000
  [resume] checkpointed -> /net/projects/ranalab/rajhansini/replication_16features/incremental_experiments/results/extended/2gene/seed2/partial_e5/MediumEven_Base.json

==========================================================================================
Extended_MediumEven_Aggressive_2gene
==========================================================================================
  states=107,728  V*(root)=-0.1488  V_stop(root)=-0.3800
  ratio2: myopic=0.0570  gnn=0.0249  mlp=0.0828
  step state                                                       DP (truth)        MYOPIC          GNN             MLP             agree
  0    root                                                        TEST Grandfather  TEST GrandfatherTEST GrandfatherTEST Father     partial
  1    {Grandfather:(0, 0)}                                        TEST Grandmother  TEST Father     TEST GrandmotherTEST Grandmotherpartial
  2    {Father:(0, 0), Grandfather:(0, 0)}                         TEST Mother       TEST Uncle      TEST GrandmotherTEST Mother     partial
  3    {Father:(0, 0), Grandfather:(0, 0), Uncle:(0, 0)}           TEST Mother       TEST GrandmotherTEST Mother     TEST Mother     partial
  4    {Father:(0, 0), Grandfather:(0, 0), Grandmother:(0, 0), Uncle:(0, 0)}TEST Mother       TEST Child      TEST Mother     TEST Mother     partial
  5    {Child:(0, 0), Father:(0, 0), Grandfather:(0, 0), Grandmother:(0, 0), Uncle:(0, 0)}TEST Mother       TEST Mother     TEST Mother     TEST Mother     ALL
  6    {Child:(0, 0), Father:(0, 0), Grandfather:(0, 0), Grandmother:(0, 0), Mother:(0, 0), Uncle:(0, 0)}STOP              STOP            STOP            STOP            ALL
  agreement vs DP: myopic=3/7=0.429  gnn=6/7=0.857  mlp=6/7=0.857  all4=2/7=0.286
  [resume] checkpointed -> /net/projects/ranalab/rajhansini/replication_16features/incremental_experiments/results/extended/2gene/seed2/partial_e5/MediumEven_Aggressive.json

==========================================================================================
Extended_LowLow_Base_2gene
==========================================================================================
  states=107,728  V*(root)=-0.0553  V_stop(root)=-0.0726
  ratio2: myopic=1.2966  gnn=0.4178  mlp=0.5397
  step state                                                       DP (truth)        MYOPIC          GNN             MLP             agree
  0    root                                                        TEST Uncle        TEST GrandfatherTEST Child      TEST Grandfathernone
  1    {Grandfather:(0, 0)}                                        TEST Grandmother  TEST Father     TEST Child      TEST Grandmotherpartial
  2    {Father:(0, 0), Grandfather:(0, 0)}                         STOP              TEST Uncle      TEST GrandmotherTEST Grandmothernone
  3    {Father:(0, 0), Grandfather:(0, 0), Uncle:(0, 0)}           STOP              TEST GrandmotherTEST Mother     TEST Mother     none
  4    {Father:(0, 0), Grandfather:(0, 0), Grandmother:(0, 0), Uncle:(0, 0)}STOP              TEST Child      TEST Mother     TEST Mother     none
  5    {Child:(0, 0), Father:(0, 0), Grandfather:(0, 0), Grandmother:(0, 0), Uncle:(0, 0)}STOP              STOP            STOP            TEST Mother     partial
  agreement vs DP: myopic=1/6=0.167  gnn=1/6=0.167  mlp=1/6=0.167  all4=0/6=0.000
  [resume] checkpointed -> /net/projects/ranalab/rajhansini/replication_16features/incremental_experiments/results/extended/2gene/seed2/partial_e5/LowLow_Base.json

==========================================================================================
Extended_LowLow_Aggressive_2gene
==========================================================================================
  states=107,728  V*(root)=-0.0613  V_stop(root)=-0.1086
  ratio2: myopic=0.4130  gnn=0.1296  mlp=0.1928
  step state                                                       DP (truth)        MYOPIC          GNN             MLP             agree
  0    root                                                        TEST Grandfather  TEST GrandfatherTEST Child      TEST Grandfatherpartial
  1    {Grandfather:(0, 0)}                                        TEST Grandmother  TEST Father     TEST Child      TEST Grandmotherpartial
  2    {Father:(0, 0), Grandfather:(0, 0)}                         TEST Mother       TEST Uncle      TEST GrandmotherTEST Grandmothernone
  3    {Father:(0, 0), Grandfather:(0, 0), Uncle:(0, 0)}           TEST Mother       TEST GrandmotherTEST Mother     TEST Grandmotherpartial
  4    {Father:(0, 0), Grandfather:(0, 0), Grandmother:(0, 0), Uncle:(0, 0)}TEST Mother       TEST Child      TEST Mother     TEST Mother     partial
  5    {Child:(0, 0), Father:(0, 0), Grandfather:(0, 0), Grandmother:(0, 0), Uncle:(0, 0)}STOP              STOP            STOP            TEST Mother     partial
  agreement vs DP: myopic=2/6=0.333  gnn=3/6=0.500  mlp=3/6=0.500  all4=0/6=0.000
  [resume] checkpointed -> /net/projects/ranalab/rajhansini/replication_16features/incremental_experiments/results/extended/2gene/seed2/partial_e5/LowLow_Aggressive.json

==========================================================================================
Extended_HighHigh_Base_2gene
==========================================================================================
  states=107,728  V*(root)=-0.2235  V_stop(root)=-0.4136
  ratio2: myopic=0.0567  gnn=0.0586  mlp=0.0731
  step state                                                       DP (truth)        MYOPIC          GNN             MLP             agree
  0    root                                                        TEST Child        TEST GrandfatherTEST GrandfatherTEST Father     none
  1    {Grandfather:(0, 0)}                                        TEST Child        TEST Father     TEST GrandmotherTEST Father     none
  2    {Father:(0, 0), Grandfather:(0, 0)}                         TEST Grandmother  TEST Uncle      TEST GrandmotherTEST Mother     partial
  3    {Father:(0, 0), Grandfather:(0, 0), Uncle:(0, 0)}           TEST Mother       TEST GrandmotherTEST Mother     TEST Mother     partial
  4    {Father:(0, 0), Grandfather:(0, 0), Grandmother:(0, 0), Uncle:(0, 0)}TEST Mother       TEST Child      TEST Mother     TEST Mother     partial
  5    {Child:(0, 0), Father:(0, 0), Grandfather:(0, 0), Grandmother:(0, 0), Uncle:(0, 0)}TEST Mother       TEST Mother     TEST Mother     TEST Mother     ALL
  6    {Child:(0, 0), Father:(0, 0), Grandfather:(0, 0), Grandmother:(0, 0), Mother:(0, 0), Uncle:(0, 0)}STOP              STOP            STOP            STOP            ALL
  agreement vs DP: myopic=2/7=0.286  gnn=5/7=0.714  mlp=4/7=0.571  all4=2/7=0.286
  [resume] checkpointed -> /net/projects/ranalab/rajhansini/replication_16features/incremental_experiments/results/extended/2gene/seed2/partial_e5/HighHigh_Base.json

==========================================================================================
Extended_HighHigh_Aggressive_2gene
==========================================================================================
  states=107,728  V*(root)=-0.2354  V_stop(root)=-0.6058
  ratio2: myopic=0.0265  gnn=0.0224  mlp=0.0446
  step state                                                       DP (truth)        MYOPIC          GNN             MLP             agree
  0    root                                                        TEST Grandfather  TEST GrandfatherTEST GrandfatherTEST Father     partial
  1    {Grandfather:(0, 0)}                                        TEST Grandmother  TEST Father     TEST GrandmotherTEST Father     partial
  2    {Father:(0, 0), Grandfather:(0, 0)}                         TEST Grandmother  TEST Uncle      TEST GrandmotherTEST Mother     partial
  3    {Father:(0, 0), Grandfather:(0, 0), Uncle:(0, 0)}           TEST Mother       TEST GrandmotherTEST Mother     TEST Mother     partial
  4    {Father:(0, 0), Grandfather:(0, 0), Grandmother:(0, 0), Uncle:(0, 0)}TEST Mother       TEST Child      TEST Mother     TEST Mother     partial
  5    {Child:(0, 0), Father:(0, 0), Grandfather:(0, 0), Grandmother:(0, 0), Uncle:(0, 0)}TEST Mother       TEST Mother     TEST Mother     TEST Mother     ALL
  6    {Child:(0, 0), Father:(0, 0), Grandfather:(0, 0), Grandmother:(0, 0), Mother:(0, 0), Uncle:(0, 0)}STOP              STOP            STOP            STOP            ALL
  agreement vs DP: myopic=3/7=0.429  gnn=7/7=1.000  mlp=4/7=0.571  all4=2/7=0.286
  [resume] checkpointed -> /net/projects/ranalab/rajhansini/replication_16features/incremental_experiments/results/extended/2gene/seed2/partial_e5/HighHigh_Aggressive.json

==========================================================================================
Extended_MixedA_Base_2gene
==========================================================================================
  states=107,728  V*(root)=-0.1052  V_stop(root)=-0.1720
  ratio2: myopic=0.2102  gnn=0.1261  mlp=0.1902
  step state                                                       DP (truth)        MYOPIC          GNN             MLP             agree
  0    root                                                        TEST Grandfather  TEST GrandfatherTEST Child      TEST Father     partial
  1    {Grandfather:(0, 0)}                                        TEST Grandmother  TEST Father     TEST GrandmotherTEST Grandmotherpartial
  2    {Father:(0, 0), Grandfather:(0, 0)}                         TEST Grandmother  TEST Uncle      TEST GrandmotherTEST Grandmotherpartial
  3    {Father:(0, 0), Grandfather:(0, 0), Uncle:(0, 0)}           TEST Mother       TEST GrandmotherTEST Mother     TEST Mother     partial
  4    {Father:(0, 0), Grandfather:(0, 0), Grandmother:(0, 0), Uncle:(0, 0)}TEST Mother       TEST Child      TEST Mother     TEST Mother     partial
  5    {Child:(0, 0), Father:(0, 0), Grandfather:(0, 0), Grandmother:(0, 0), Uncle:(0, 0)}STOP              STOP            STOP            TEST Mother     partial
  agreement vs DP: myopic=2/6=0.333  gnn=5/6=0.833  mlp=4/6=0.667  all4=0/6=0.000
  [resume] checkpointed -> /net/projects/ranalab/rajhansini/replication_16features/incremental_experiments/results/extended/2gene/seed2/partial_e5/MixedA_Base.json

==========================================================================================
Extended_MixedA_Aggressive_2gene
==========================================================================================
  states=107,728  V*(root)=-0.1083  V_stop(root)=-0.2550
  ratio2: myopic=0.1020  gnn=0.0695  mlp=0.1026
  step state                                                       DP (truth)        MYOPIC          GNN             MLP             agree
  0    root                                                        TEST Grandfather  TEST GrandfatherTEST Child      TEST Father     partial
  1    {Grandfather:(0, 0)}                                        TEST Grandmother  TEST Father     TEST GrandmotherTEST Grandmotherpartial
  2    {Father:(0, 0), Grandfather:(0, 0)}                         TEST Grandmother  TEST Uncle      TEST GrandmotherTEST Grandmotherpartial
  3    {Father:(0, 0), Grandfather:(0, 0), Uncle:(0, 0)}           TEST Mother       TEST GrandmotherTEST Mother     TEST Mother     partial
  4    {Father:(0, 0), Grandfather:(0, 0), Grandmother:(0, 0), Uncle:(0, 0)}TEST Mother       TEST Child      TEST Mother     TEST Mother     partial
  5    {Child:(0, 0), Father:(0, 0), Grandfather:(0, 0), Grandmother:(0, 0), Uncle:(0, 0)}TEST Mother       TEST Mother     STOP            TEST Mother     partial
  6    {Child:(0, 0), Father:(0, 0), Grandfather:(0, 0), Grandmother:(0, 0), Mother:(0, 0), Uncle:(0, 0)}STOP              STOP            STOP            STOP            ALL
  agreement vs DP: myopic=3/7=0.429  gnn=5/7=0.714  mlp=6/7=0.857  all4=1/7=0.143
  [resume] checkpointed -> /net/projects/ranalab/rajhansini/replication_16features/incremental_experiments/results/extended/2gene/seed2/partial_e5/MixedA_Aggressive.json

==========================================================================================
Extended_MixedB_Base_2gene
==========================================================================================
  states=107,728  V*(root)=-0.1396  V_stop(root)=-0.2475
  ratio2: myopic=0.1157  gnn=0.0766  mlp=0.1183
  step state                                                       DP (truth)        MYOPIC          GNN             MLP             agree
  0    root                                                        TEST Grandfather  TEST GrandfatherTEST Child      TEST Father     partial
  1    {Grandfather:(0, 0)}                                        TEST Grandmother  TEST Father     TEST GrandmotherTEST Grandmotherpartial
  2    {Father:(0, 0), Grandfather:(0, 0)}                         TEST Grandmother  TEST Uncle      TEST GrandmotherTEST Mother     partial
  3    {Father:(0, 0), Grandfather:(0, 0), Uncle:(0, 0)}           TEST Mother       TEST GrandmotherTEST Mother     TEST Mother     partial
  4    {Father:(0, 0), Grandfather:(0, 0), Grandmother:(0, 0), Uncle:(0, 0)}TEST Mother       TEST Child      TEST Mother     TEST Mother     partial
  5    {Child:(0, 0), Father:(0, 0), Grandfather:(0, 0), Grandmother:(0, 0), Uncle:(0, 0)}STOP              STOP            STOP            TEST Mother     partial
  agreement vs DP: myopic=2/6=0.333  gnn=5/6=0.833  mlp=3/6=0.500  all4=0/6=0.000
  [resume] checkpointed -> /net/projects/ranalab/rajhansini/replication_16features/incremental_experiments/results/extended/2gene/seed2/partial_e5/MixedB_Base.json

==========================================================================================
Extended_MixedB_Aggressive_2gene
==========================================================================================
  states=107,728  V*(root)=-0.1443  V_stop(root)=-0.3661
  ratio2: myopic=0.0565  gnn=0.0263  mlp=0.0807
  step state                                                       DP (truth)        MYOPIC          GNN             MLP             agree
  0    root                                                        TEST Grandfather  TEST GrandfatherTEST GrandfatherTEST Father     partial
  1    {Grandfather:(0, 0)}                                        TEST Grandmother  TEST Father     TEST GrandmotherTEST Grandmotherpartial
  2    {Father:(0, 0), Grandfather:(0, 0)}                         TEST Grandmother  TEST Uncle      TEST GrandmotherTEST Grandmotherpartial
  3    {Father:(0, 0), Grandfather:(0, 0), Uncle:(0, 0)}           TEST Mother       TEST GrandmotherTEST Mother     TEST Mother     partial
  4    {Father:(0, 0), Grandfather:(0, 0), Grandmother:(0, 0), Uncle:(0, 0)}TEST Mother       TEST Child      TEST Mother     TEST Mother     partial
  5    {Child:(0, 0), Father:(0, 0), Grandfather:(0, 0), Grandmother:(0, 0), Uncle:(0, 0)}TEST Mother       TEST Mother     TEST Mother     TEST Mother     ALL
  6    {Child:(0, 0), Father:(0, 0), Grandfather:(0, 0), Grandmother:(0, 0), Mother:(0, 0), Uncle:(0, 0)}STOP              STOP            STOP            STOP            ALL
  agreement vs DP: myopic=3/7=0.429  gnn=7/7=1.000  mlp=6/7=0.857  all4=2/7=0.286
  [resume] checkpointed -> /net/projects/ranalab/rajhansini/replication_16features/incremental_experiments/results/extended/2gene/seed2/partial_e5/MixedB_Aggressive.json

==========================================================================================
OVERALL (whole trajectory)
  vs DP: myopic=27/78=0.346  gnn=61/78=0.782  mlp=49/78=0.628  all4=11/78=0.141
OVERALL (root / first action only)
  vs DP: myopic=9/12  gnn=5/12  mlp=1/12
OVERALL avg ratio2: myopic=0.2214  gnn=0.0965  mlp=0.1477
saved -> /net/projects/ranalab/rajhansini/replication_16features/incremental_experiments/results/extended/2gene/seed2/extended_fourway_e5.json
saved -> /net/projects/ranalab/rajhansini/replication_16features/incremental_experiments/results/extended/2gene/seed2/extended_fourway_e5.log
